[
  {
    "frequency_mhz": 1.0,
    "eccentricity": 0,
    "egb_median_s": 16.73913528310368,
    "egb_min_s": 16.266339256078936,
    "egb_max_s": 16.920470209501218,
    "egb_geometry_median_s": 2.5781117511796765,
    "egb_links_median_s": 1.7866506609134376,
    "egb_tdi_median_s": 12.374372871010564,
    "jaxgb_median_s": 0.00028579149511642754,
    "native_workload_ratio": 58571.145639881215,
    "repeats": 3
  },
  {
    "frequency_mhz": 1.0,
    "eccentricity": 0.1,
    "egb_median_s": 16.827638377260882,
    "egb_min_s": 16.02264430449577,
    "egb_max_s": 17.324427537678275,
    "egb_geometry_median_s": 2.5820127461920492,
    "egb_links_median_s": 1.8565653397818096,
    "egb_tdi_median_s": 12.389060291287024,
    "jaxgb_median_s": 0.00028579149511642754,
    "native_workload_ratio": 58880.82278447626,
    "repeats": 3
  },
  {
    "frequency_mhz": 1.0,
    "eccentricity": 0.2,
    "egb_median_s": 16.261250747193117,
    "egb_min_s": 15.975216835329775,
    "egb_max_s": 17.629779997107107,
    "egb_geometry_median_s": 2.51063208602136,
    "egb_links_median_s": 1.7594924949808046,
    "egb_tdi_median_s": 11.991126166190952,
    "jaxgb_median_s": 0.00028579149511642754,
    "native_workload_ratio": 56899.00163253111,
    "repeats": 3
  },
  {
    "frequency_mhz": 1.0,
    "eccentricity": 0.3,
    "egb_median_s": 16.280672324006446,
    "egb_min_s": 15.992111288825981,
    "egb_max_s": 18.53202266752487,
    "egb_geometry_median_s": 2.512554752116557,
    "egb_links_median_s": 1.764670656004455,
    "egb_tdi_median_s": 12.003446915885434,
    "jaxgb_median_s": 0.00028579149511642754,
    "native_workload_ratio": 56966.95878711829,
    "repeats": 3
  },
  {
    "frequency_mhz": 1.0,
    "eccentricity": 0.4,
    "egb_median_s": 16.420626210107002,
    "egb_min_s": 16.036394999711774,
    "egb_max_s": 16.768352620652877,
    "egb_geometry_median_s": 2.521864706184715,
    "egb_links_median_s": 1.8196524198283441,
    "egb_tdi_median_s": 12.079109084093943,
    "jaxgb_median_s": 0.00028579149511642754,
    "native_workload_ratio": 57456.665053722,
    "repeats": 3
  },
  {
    "frequency_mhz": 1.0,
    "eccentricity": 0.5,
    "egb_median_s": 16.379430538159795,
    "egb_min_s": 16.00382407126017,
    "egb_max_s": 16.844030870881397,
    "egb_geometry_median_s": 2.528287961264141,
    "egb_links_median_s": 1.8242947008111514,
    "egb_tdi_median_s": 12.026847876084503,
    "jaxgb_median_s": 0.00028579149511642754,
    "native_workload_ratio": 57312.51915487212,
    "repeats": 3
  },
  {
    "frequency_mhz": 1.0,
    "eccentricity": 0.6,
    "egb_median_s": 17.11054244096158,
    "egb_min_s": 16.035899882379454,
    "egb_max_s": 17.23370051360689,
    "egb_geometry_median_s": 2.638414912042208,
    "egb_links_median_s": 1.9040135761606507,
    "egb_tdi_median_s": 12.568113952758722,
    "jaxgb_median_s": 0.00028579149511642754,
    "native_workload_ratio": 59870.71950475986,
    "repeats": 3
  },
  {
    "frequency_mhz": 3.0,
    "eccentricity": 0,
    "egb_median_s": 16.851429832109716,
    "egb_min_s": 16.832230987900402,
    "egb_max_s": 17.36173262540251,
    "egb_geometry_median_s": 2.619290079048369,
    "egb_links_median_s": 1.8641670798533596,
    "egb_tdi_median_s": 12.398206503072288,
    "jaxgb_median_s": 0.0002717915049288422,
    "native_workload_ratio": 62001.31176477202,
    "repeats": 3
  },
  {
    "frequency_mhz": 3.0,
    "eccentricity": 0.1,
    "egb_median_s": 17.456375693844166,
    "egb_min_s": 16.716220289468765,
    "egb_max_s": 29.65008233615663,
    "egb_geometry_median_s": 2.6900224538403563,
    "egb_links_median_s": 2.0214643265935592,
    "egb_tdi_median_s": 12.74488891341025,
    "jaxgb_median_s": 0.0002717915049288422,
    "native_workload_ratio": 64227.083544845984,
    "repeats": 3
  },
  {
    "frequency_mhz": 3.0,
    "eccentricity": 0.2,
    "egb_median_s": 16.782611464557704,
    "egb_min_s": 16.026879665034357,
    "egb_max_s": 17.814693460823037,
    "egb_geometry_median_s": 2.5672274965327233,
    "egb_links_median_s": 1.8959418820450082,
    "egb_tdi_median_s": 12.319442085979972,
    "jaxgb_median_s": 0.0002717915049288422,
    "native_workload_ratio": 61748.10897401508,
    "repeats": 3
  },
  {
    "frequency_mhz": 3.0,
    "eccentricity": 0.3,
    "egb_median_s": 17.05665816209512,
    "egb_min_s": 16.052238999924157,
    "egb_max_s": 18.643336960463785,
    "egb_geometry_median_s": 2.594818038865924,
    "egb_links_median_s": 1.9583517092396505,
    "egb_tdi_median_s": 12.503488413989544,
    "jaxgb_median_s": 0.0002717915049288422,
    "native_workload_ratio": 62756.406483568084,
    "repeats": 3
  },
  {
    "frequency_mhz": 3.0,
    "eccentricity": 0.4,
    "egb_median_s": 16.75656036962755,
    "egb_min_s": 16.071255241753533,
    "egb_max_s": 17.287810756708495,
    "egb_geometry_median_s": 2.564984037191607,
    "egb_links_median_s": 1.8927960011642426,
    "egb_tdi_median_s": 12.2987803312717,
    "jaxgb_median_s": 0.0002717915049288422,
    "native_workload_ratio": 61652.25941853698,
    "repeats": 3
  },
  {
    "frequency_mhz": 3.0,
    "eccentricity": 0.5,
    "egb_median_s": 17.20905603643041,
    "egb_min_s": 16.089574281941168,
    "egb_max_s": 17.279102605767548,
    "egb_geometry_median_s": 2.628691910766065,
    "egb_links_median_s": 1.9755455431295559,
    "egb_tdi_median_s": 12.559960496029817,
    "jaxgb_median_s": 0.0002717915049288422,
    "native_workload_ratio": 63317.12258974363,
    "repeats": 3
  },
  {
    "frequency_mhz": 3.0,
    "eccentricity": 0.6,
    "egb_median_s": 16.787854199355934,
    "egb_min_s": 16.095434001123067,
    "egb_max_s": 17.221415209467523,
    "egb_geometry_median_s": 2.585608957626391,
    "egb_links_median_s": 1.9715479940641671,
    "egb_tdi_median_s": 12.230697247665375,
    "jaxgb_median_s": 0.0002717915049288422,
    "native_workload_ratio": 61767.39852024134,
    "repeats": 3
  },
  {
    "frequency_mhz": 10.0,
    "eccentricity": 0,
    "egb_median_s": 17.240724533970933,
    "egb_min_s": 16.805099286779296,
    "egb_max_s": 17.298286803415976,
    "egb_geometry_median_s": 2.617163409071509,
    "egb_links_median_s": 1.9891363683273084,
    "egb_tdi_median_s": 12.63272700383095,
    "jaxgb_median_s": 0.0002802500093821436,
    "native_workload_ratio": 61519.086375700375,
    "repeats": 3
  },
  {
    "frequency_mhz": 10.0,
    "eccentricity": 0.1,
    "egb_median_s": 16.954194114136044,
    "egb_min_s": 16.574930258851964,
    "egb_max_s": 17.016632527811453,
    "egb_geometry_median_s": 2.5763673311448656,
    "egb_links_median_s": 1.9789542847429402,
    "egb_tdi_median_s": 12.398872498248238,
    "jaxgb_median_s": 0.0002802500093821436,
    "native_workload_ratio": 60496.676348073284,
    "repeats": 3
  },
  {
    "frequency_mhz": 10.0,
    "eccentricity": 0.2,
    "egb_median_s": 16.652984452957753,
    "egb_min_s": 16.12988879875047,
    "egb_max_s": 18.457935171027202,
    "egb_geometry_median_s": 2.551888622401748,
    "egb_links_median_s": 1.9759914617752656,
    "egb_tdi_median_s": 12.12510436878074,
    "jaxgb_median_s": 0.0002802500093821436,
    "native_workload_ratio": 59421.88722730802,
    "repeats": 3
  },
  {
    "frequency_mhz": 10.0,
    "eccentricity": 0.3,
    "egb_median_s": 16.876265497296117,
    "egb_min_s": 16.22468225180637,
    "egb_max_s": 17.02674624940846,
    "egb_geometry_median_s": 2.5760091232368723,
    "egb_links_median_s": 1.9921792068635114,
    "egb_tdi_median_s": 12.308077167195734,
    "jaxgb_median_s": 0.0002802500093821436,
    "native_workload_ratio": 60218.60814385901,
    "repeats": 3
  },
  {
    "frequency_mhz": 10.0,
    "eccentricity": 0.4,
    "egb_median_s": 16.95203070732532,
    "egb_min_s": 16.307394728180952,
    "egb_max_s": 17.365627285907976,
    "egb_geometry_median_s": 2.585706339799799,
    "egb_links_median_s": 2.0138959147734568,
    "egb_tdi_median_s": 12.352428452752065,
    "jaxgb_median_s": 0.0002802500093821436,
    "native_workload_ratio": 60488.95678790095,
    "repeats": 3
  },
  {
    "frequency_mhz": 10.0,
    "eccentricity": 0.5,
    "egb_median_s": 17.38469321123557,
    "egb_min_s": 16.27529883722309,
    "egb_max_s": 17.44771941570798,
    "egb_geometry_median_s": 2.6248214521910995,
    "egb_links_median_s": 2.0530813353834674,
    "egb_tdi_median_s": 12.700533711118624,
    "jaxgb_median_s": 0.0002802500093821436,
    "native_workload_ratio": 62032.80153161434,
    "repeats": 3
  },
  {
    "frequency_mhz": 10.0,
    "eccentricity": 0.6,
    "egb_median_s": 16.837265997135546,
    "egb_min_s": 16.114733114489354,
    "egb_max_s": 17.183892091794405,
    "egb_geometry_median_s": 2.5862709999782965,
    "egb_links_median_s": 2.000312081829179,
    "egb_tdi_median_s": 12.25068291532807,
    "jaxgb_median_s": 0.0002802500093821436,
    "native_workload_ratio": 60079.448469086645,
    "repeats": 3
  }
]
