logL at truth: 11856.997164397035
100/5000 | acc 0.390 | e=0.09907 m1=0.5570 m2=0.2719
200/5000 | acc 0.425 | e=0.09693 m1=0.5513 m2=0.2709
300/5000 | acc 0.440 | e=0.09564 m1=0.5340 m2=0.2736
400/5000 | acc 0.448 | e=0.09527 m1=0.5263 m2=0.2795
500/5000 | acc 0.448 | e=0.09787 m1=0.5432 m2=0.2749
600/5000 | acc 0.437 | e=0.09366 m1=0.5283 m2=0.2842
700/5000 | acc 0.430 | e=0.10022 m1=0.5324 m2=0.2782
800/5000 | acc 0.436 | e=0.10144 m1=0.5423 m2=0.2751
900/5000 | acc 0.428 | e=0.09961 m1=0.5663 m2=0.2649
1000/5000 | acc 0.425 | e=0.09912 m1=0.5743 m2=0.2605
1100/5000 | acc 0.423 | e=0.09809 m1=0.5523 m2=0.2698
1200/5000 | acc 0.426 | e=0.10040 m1=0.5759 m2=0.2597
1300/5000 | acc 0.431 | e=0.10011 m1=0.5701 m2=0.2648
1400/5000 | acc 0.424 | e=0.09638 m1=0.5520 m2=0.2707
1500/5000 | acc 0.430 | e=0.09923 m1=0.5993 m2=0.2503
1600/5000 | acc 0.426 | e=0.09145 m1=0.5895 m2=0.2531
1700/5000 | acc 0.431 | e=0.09847 m1=0.5923 m2=0.2548
1800/5000 | acc 0.427 | e=0.09792 m1=0.5895 m2=0.2547
1900/5000 | acc 0.422 | e=0.09993 m1=0.5968 m2=0.2518
2000/5000 | acc 0.423 | e=0.09900 m1=0.5899 m2=0.2544
2100/5000 | acc 0.422 | e=0.09775 m1=0.5957 m2=0.2539
2200/5000 | acc 0.425 | e=0.09735 m1=0.5840 m2=0.2591
2300/5000 | acc 0.422 | e=0.09816 m1=0.5777 m2=0.2605
2400/5000 | acc 0.422 | e=0.09637 m1=0.5907 m2=0.2563
2500/5000 | acc 0.422 | e=0.09513 m1=0.5821 m2=0.2606
2600/5000 | acc 0.421 | e=0.10125 m1=0.5841 m2=0.2578
2700/5000 | acc 0.422 | e=0.09672 m1=0.5858 m2=0.2588
2800/5000 | acc 0.422 | e=0.09943 m1=0.5721 m2=0.2635
2900/5000 | acc 0.421 | e=0.09698 m1=0.5896 m2=0.2569
3000/5000 | acc 0.422 | e=0.09123 m1=0.5866 m2=0.2540
3100/5000 | acc 0.421 | e=0.10003 m1=0.5926 m2=0.2545
3200/5000 | acc 0.420 | e=0.09070 m1=0.5992 m2=0.2536
3300/5000 | acc 0.417 | e=0.09275 m1=0.5996 m2=0.2524
3400/5000 | acc 0.413 | e=0.09937 m1=0.5789 m2=0.2595
3500/5000 | acc 0.412 | e=0.09781 m1=0.5702 m2=0.2627
3600/5000 | acc 0.412 | e=0.09662 m1=0.5773 m2=0.2585
3700/5000 | acc 0.412 | e=0.09800 m1=0.5516 m2=0.2714
3800/5000 | acc 0.413 | e=0.09734 m1=0.5763 m2=0.2631
3900/5000 | acc 0.415 | e=0.09361 m1=0.5798 m2=0.2584
4000/5000 | acc 0.414 | e=0.09696 m1=0.5739 m2=0.2643
4100/5000 | acc 0.416 | e=0.09494 m1=0.5989 m2=0.2525
4200/5000 | acc 0.418 | e=0.09868 m1=0.5694 m2=0.2638
4300/5000 | acc 0.420 | e=0.09534 m1=0.5697 m2=0.2619
4400/5000 | acc 0.420 | e=0.09284 m1=0.5574 m2=0.2693
4500/5000 | acc 0.419 | e=0.10048 m1=0.5809 m2=0.2534
4600/5000 | acc 0.419 | e=0.09786 m1=0.5684 m2=0.2634
4700/5000 | acc 0.420 | e=0.09664 m1=0.5257 m2=0.2814
4800/5000 | acc 0.422 | e=0.09393 m1=0.5480 m2=0.2763
4900/5000 | acc 0.421 | e=0.09502 m1=0.5599 m2=0.2678
5000/5000 | acc 0.421 | e=0.09417 m1=0.5382 m2=0.2721

truth : [0.1  0.55 0.27]
mean  : [0.09724704 0.57596484 0.26071249]
std   : [0.00263582 0.01707899 0.0070684 ]
e 90% : 0.10042885404436412
acceptance: 0.421
saved: /scratch/e1498138/eGB-multi/hmcnc_mcmc_e01.npz
Job completed at Wed Sep 23 01:56:18 PM +08 2026
