logL at truth: 11816.371218175596
100/5000 | acc 0.420 | e=0.00067 m1=0.5905 m2=0.2579
200/5000 | acc 0.370 | e=0.00078 m1=0.5778 m2=0.2599
300/5000 | acc 0.373 | e=0.00181 m1=0.5731 m2=0.2579
400/5000 | acc 0.372 | e=0.00058 m1=0.5644 m2=0.2633
500/5000 | acc 0.368 | e=0.00177 m1=0.5775 m2=0.2606
600/5000 | acc 0.358 | e=0.00032 m1=0.5477 m2=0.2755
700/5000 | acc 0.356 | e=0.00225 m1=0.5516 m2=0.2683
800/5000 | acc 0.369 | e=0.00228 m1=0.5383 m2=0.2776
900/5000 | acc 0.366 | e=0.00140 m1=0.5413 m2=0.2751
1000/5000 | acc 0.372 | e=0.00337 m1=0.5614 m2=0.2655
1100/5000 | acc 0.371 | e=0.00156 m1=0.5436 m2=0.2737
1200/5000 | acc 0.380 | e=0.00123 m1=0.5690 m2=0.2639
1300/5000 | acc 0.387 | e=0.00187 m1=0.5987 m2=0.2540
1400/5000 | acc 0.385 | e=0.00223 m1=0.5624 m2=0.2665
1500/5000 | acc 0.389 | e=0.00064 m1=0.5950 m2=0.2538
1600/5000 | acc 0.390 | e=0.00004 m1=0.5931 m2=0.2591
1700/5000 | acc 0.394 | e=0.00380 m1=0.5974 m2=0.2538
1800/5000 | acc 0.392 | e=0.00204 m1=0.5829 m2=0.2577
1900/5000 | acc 0.389 | e=0.00329 m1=0.5972 m2=0.2521
2000/5000 | acc 0.390 | e=0.00378 m1=0.5896 m2=0.2556
2100/5000 | acc 0.390 | e=0.00096 m1=0.5841 m2=0.2590
2200/5000 | acc 0.392 | e=0.00071 m1=0.5687 m2=0.2640
2300/5000 | acc 0.391 | e=0.00181 m1=0.5528 m2=0.2699
2400/5000 | acc 0.391 | e=0.00089 m1=0.5727 m2=0.2617
2500/5000 | acc 0.390 | e=0.00011 m1=0.5840 m2=0.2579
2600/5000 | acc 0.390 | e=0.00237 m1=0.5865 m2=0.2604
2700/5000 | acc 0.391 | e=0.00192 m1=0.5885 m2=0.2585
2800/5000 | acc 0.394 | e=0.00250 m1=0.5691 m2=0.2645
2900/5000 | acc 0.396 | e=0.00183 m1=0.5918 m2=0.2551
3000/5000 | acc 0.396 | e=0.00032 m1=0.5823 m2=0.2545
3100/5000 | acc 0.393 | e=0.00192 m1=0.5951 m2=0.2532
3200/5000 | acc 0.391 | e=0.00009 m1=0.5941 m2=0.2544
3300/5000 | acc 0.388 | e=0.00044 m1=0.5975 m2=0.2555
3400/5000 | acc 0.386 | e=0.00355 m1=0.5873 m2=0.2592
3500/5000 | acc 0.386 | e=0.00161 m1=0.5903 m2=0.2552
3600/5000 | acc 0.384 | e=0.00027 m1=0.5876 m2=0.2555
3700/5000 | acc 0.384 | e=0.00213 m1=0.5561 m2=0.2694
3800/5000 | acc 0.383 | e=0.00132 m1=0.5667 m2=0.2655
3900/5000 | acc 0.382 | e=0.00020 m1=0.5602 m2=0.2649
4000/5000 | acc 0.385 | e=0.00085 m1=0.5487 m2=0.2739
4100/5000 | acc 0.388 | e=0.00036 m1=0.5758 m2=0.2604
4200/5000 | acc 0.390 | e=0.00029 m1=0.5593 m2=0.2684
4300/5000 | acc 0.391 | e=0.00003 m1=0.5382 m2=0.2755
4400/5000 | acc 0.391 | e=0.00095 m1=0.5147 m2=0.2883
4500/5000 | acc 0.392 | e=0.00007 m1=0.5338 m2=0.2781
4600/5000 | acc 0.391 | e=0.00065 m1=0.5091 m2=0.2915
4700/5000 | acc 0.390 | e=0.00073 m1=0.5019 m2=0.2937
4800/5000 | acc 0.390 | e=0.00025 m1=0.5214 m2=0.2846
4900/5000 | acc 0.389 | e=0.00067 m1=0.5299 m2=0.2800
5000/5000 | acc 0.388 | e=0.00103 m1=0.5492 m2=0.2696

truth : [0.   0.55 0.27]
mean  : [0.00152041 0.56864964 0.26431694]
std   : [0.00115343 0.02639403 0.0111979 ]
e 90% : 0.003215739901457882
acceptance: 0.3876
saved: /scratch/e1498138/eGB-multi/hmcnc_mcmc_min.npz
Job completed at Wed Sep 23 11:40:19 AM +08 2026
