Job completed at Fri Sep 11 12:00:33 PM +08 2026
samples: 518400 dt: 5.0
source_params: {
  "f0_hz": 0.00622027623506547,
  "eccentricity": 0,
  "m1_solar": 0.55,
  "m2_solar": 0.27,
  "distance_m": 2.3142581861185254e+20,
  "beta": -0.08210049881437637,
  "lambda_": 2.102052384246663,
  "psi": 0.0,
  "inclination": 0.6632251157578453,
  "phi0": 0.0,
  "fdot": 0.0
}
noise AET max abs: {'A': 4.3858327704197363e-20, 'E': 4.459085751762551e-20, 'T': 5.263813956477628e-20}
signal AET max abs: {'A': 2.626181161966582e-23, 'E': 1.2889563994147257e-23, 'T': 6.743698074007531e-26}
Job completed at Fri Sep 11 12:46:52 PM +08 2026
samples: 518400 dt: 5.0
source_params: {
  "f0_hz": 0.00622027623506547,
  "eccentricity": 0,
  "m1_solar": 0.55,
  "m2_solar": 0.27,
  "distance_m": 2.3142581861185254e+20,
  "beta": -0.08210049881437637,
  "lambda_": 2.102052384246663,
  "psi": 0.0,
  "inclination": 0.6632251157578453,
  "phi0": 0.0,
  "fdot": 0.0
}
noise AET max abs: {'A': 4.3858327704197363e-20, 'E': 4.459085751762551e-20, 'T': 5.263813956477628e-20}
signal AET max abs: {'A': 2.626181161966582e-23, 'E': 1.2889563994147257e-23, 'T': 6.743698074007531e-26}
