logL at truth: 12456.950001956735
100/5000 | acc 0.300 | e=0.29762 m1=0.5599 m2=0.2664
200/5000 | acc 0.290 | e=0.29966 m1=0.5376 m2=0.2750
300/5000 | acc 0.307 | e=0.30069 m1=0.5494 m2=0.2687
400/5000 | acc 0.297 | e=0.30004 m1=0.5559 m2=0.2671
500/5000 | acc 0.290 | e=0.29824 m1=0.5815 m2=0.2536
600/5000 | acc 0.288 | e=0.29666 m1=0.5451 m2=0.2727
700/5000 | acc 0.300 | e=0.30268 m1=0.5539 m2=0.2668
800/5000 | acc 0.309 | e=0.29714 m1=0.5329 m2=0.2777
900/5000 | acc 0.306 | e=0.29904 m1=0.5553 m2=0.2662
1000/5000 | acc 0.308 | e=0.29673 m1=0.5604 m2=0.2645
1100/5000 | acc 0.305 | e=0.30129 m1=0.5548 m2=0.2681
1200/5000 | acc 0.318 | e=0.29451 m1=0.5654 m2=0.2648
1300/5000 | acc 0.325 | e=0.29828 m1=0.5631 m2=0.2640
1400/5000 | acc 0.322 | e=0.30184 m1=0.5408 m2=0.2751
1500/5000 | acc 0.330 | e=0.29755 m1=0.5745 m2=0.2589
1600/5000 | acc 0.330 | e=0.29200 m1=0.5574 m2=0.2655
1700/5000 | acc 0.336 | e=0.30091 m1=0.5644 m2=0.2624
1800/5000 | acc 0.338 | e=0.29795 m1=0.5652 m2=0.2653
1900/5000 | acc 0.341 | e=0.30070 m1=0.5581 m2=0.2669
2000/5000 | acc 0.338 | e=0.30122 m1=0.5602 m2=0.2647
2100/5000 | acc 0.340 | e=0.29820 m1=0.5604 m2=0.2653
2200/5000 | acc 0.337 | e=0.29811 m1=0.5460 m2=0.2737
2300/5000 | acc 0.336 | e=0.29864 m1=0.5500 m2=0.2707
2400/5000 | acc 0.340 | e=0.29987 m1=0.5609 m2=0.2652
2500/5000 | acc 0.336 | e=0.29447 m1=0.5640 m2=0.2646
2600/5000 | acc 0.335 | e=0.29809 m1=0.5561 m2=0.2666
2700/5000 | acc 0.336 | e=0.29847 m1=0.5571 m2=0.2691
2800/5000 | acc 0.335 | e=0.29978 m1=0.5391 m2=0.2757
2900/5000 | acc 0.335 | e=0.29695 m1=0.5598 m2=0.2671
3000/5000 | acc 0.337 | e=0.29557 m1=0.5480 m2=0.2705
3100/5000 | acc 0.336 | e=0.29880 m1=0.5649 m2=0.2634
3200/5000 | acc 0.336 | e=0.29483 m1=0.5676 m2=0.2602
3300/5000 | acc 0.335 | e=0.29522 m1=0.5705 m2=0.2627
3400/5000 | acc 0.332 | e=0.30202 m1=0.5602 m2=0.2632
3500/5000 | acc 0.329 | e=0.29910 m1=0.5631 m2=0.2641
3600/5000 | acc 0.328 | e=0.29361 m1=0.5716 m2=0.2616
3700/5000 | acc 0.328 | e=0.30000 m1=0.5431 m2=0.2704
3800/5000 | acc 0.331 | e=0.29811 m1=0.5638 m2=0.2671
3900/5000 | acc 0.331 | e=0.29441 m1=0.5601 m2=0.2659
4000/5000 | acc 0.331 | e=0.30016 m1=0.5549 m2=0.2698
4100/5000 | acc 0.333 | e=0.29540 m1=0.5654 m2=0.2653
4200/5000 | acc 0.331 | e=0.29889 m1=0.5577 m2=0.2668
4300/5000 | acc 0.333 | e=0.29591 m1=0.5513 m2=0.2703
4400/5000 | acc 0.334 | e=0.29803 m1=0.5594 m2=0.2652
4500/5000 | acc 0.333 | e=0.29692 m1=0.5610 m2=0.2656
4600/5000 | acc 0.333 | e=0.29947 m1=0.5485 m2=0.2720
4700/5000 | acc 0.335 | e=0.29981 m1=0.5387 m2=0.2734
4800/5000 | acc 0.337 | e=0.29706 m1=0.5582 m2=0.2670
4900/5000 | acc 0.337 | e=0.29688 m1=0.5563 m2=0.2698
5000/5000 | acc 0.337 | e=0.29743 m1=0.5588 m2=0.2675

truth : [0.3  0.55 0.27]
mean  : [0.2983002  0.55751141 0.26697283]
std   : [0.00238733 0.00941974 0.00486824]
e 90% : 0.30125606134742733
acceptance: 0.3366
saved: /scratch/e1498138/eGB-multi/hmcnc_mcmc_e03.npz
Job completed at Wed Sep 23 05:02:40 PM +08 2026
