logL at truth: 37502.43357268977
100/15000 | acc 0.370 | e=0.09971 m1=0.6075 m2=0.2117
200/15000 | acc 0.390 | e=0.09969 m1=0.5919 m2=0.2152
300/15000 | acc 0.393 | e=0.10064 m1=0.5844 m2=0.2167
400/15000 | acc 0.400 | e=0.09960 m1=0.5618 m2=0.2267
500/15000 | acc 0.388 | e=0.09964 m1=0.5798 m2=0.2209
600/15000 | acc 0.387 | e=0.09896 m1=0.5672 m2=0.2238
700/15000 | acc 0.391 | e=0.10187 m1=0.5565 m2=0.2268
800/15000 | acc 0.403 | e=0.10006 m1=0.5509 m2=0.2291
900/15000 | acc 0.400 | e=0.10187 m1=0.5574 m2=0.2272
1000/15000 | acc 0.401 | e=0.10153 m1=0.5506 m2=0.2285
1100/15000 | acc 0.403 | e=0.10182 m1=0.5408 m2=0.2328
1200/15000 | acc 0.410 | e=0.10065 m1=0.5497 m2=0.2303
1300/15000 | acc 0.415 | e=0.10042 m1=0.5455 m2=0.2318
1400/15000 | acc 0.413 | e=0.10108 m1=0.5328 m2=0.2368
1500/15000 | acc 0.415 | e=0.10204 m1=0.5552 m2=0.2281
1600/15000 | acc 0.416 | e=0.09908 m1=0.5621 m2=0.2248
1700/15000 | acc 0.421 | e=0.10347 m1=0.5653 m2=0.2251
1800/15000 | acc 0.425 | e=0.10077 m1=0.5752 m2=0.2222
1900/15000 | acc 0.421 | e=0.10205 m1=0.5893 m2=0.2174
2000/15000 | acc 0.419 | e=0.10192 m1=0.5753 m2=0.2215
2100/15000 | acc 0.420 | e=0.10044 m1=0.5824 m2=0.2194
2200/15000 | acc 0.421 | e=0.09986 m1=0.5697 m2=0.2232
2300/15000 | acc 0.417 | e=0.10119 m1=0.5584 m2=0.2269
2400/15000 | acc 0.417 | e=0.09900 m1=0.5753 m2=0.2211
2500/15000 | acc 0.414 | e=0.10054 m1=0.5785 m2=0.2214
2600/15000 | acc 0.412 | e=0.10068 m1=0.5785 m2=0.2218
2700/15000 | acc 0.411 | e=0.10014 m1=0.5859 m2=0.2197
2800/15000 | acc 0.412 | e=0.10113 m1=0.5680 m2=0.2244
2900/15000 | acc 0.413 | e=0.10049 m1=0.5894 m2=0.2174
3000/15000 | acc 0.414 | e=0.09892 m1=0.5912 m2=0.2151
3100/15000 | acc 0.411 | e=0.10183 m1=0.5860 m2=0.2177
3200/15000 | acc 0.411 | e=0.09959 m1=0.5875 m2=0.2171
3300/15000 | acc 0.409 | e=0.09923 m1=0.5995 m2=0.2147
3400/15000 | acc 0.407 | e=0.10151 m1=0.5942 m2=0.2170
3500/15000 | acc 0.406 | e=0.10111 m1=0.5915 m2=0.2163
3600/15000 | acc 0.404 | e=0.09874 m1=0.5754 m2=0.2211
3700/15000 | acc 0.405 | e=0.10107 m1=0.5550 m2=0.2290
3800/15000 | acc 0.406 | e=0.09920 m1=0.5627 m2=0.2267
3900/15000 | acc 0.408 | e=0.09759 m1=0.5621 m2=0.2250
4000/15000 | acc 0.408 | e=0.10055 m1=0.5484 m2=0.2318
4100/15000 | acc 0.411 | e=0.10000 m1=0.5609 m2=0.2261
4200/15000 | acc 0.413 | e=0.10050 m1=0.5528 m2=0.2293
4300/15000 | acc 0.416 | e=0.09856 m1=0.5543 m2=0.2275
4400/15000 | acc 0.416 | e=0.09866 m1=0.5406 m2=0.2334
4500/15000 | acc 0.414 | e=0.10030 m1=0.5426 m2=0.2301
4600/15000 | acc 0.414 | e=0.10024 m1=0.5332 m2=0.2366
4700/15000 | acc 0.414 | e=0.10168 m1=0.5019 m2=0.2494
4800/15000 | acc 0.412 | e=0.09922 m1=0.5082 m2=0.2463
4900/15000 | acc 0.412 | e=0.09980 m1=0.5136 m2=0.2447
5000/15000 | acc 0.412 | e=0.09903 m1=0.5116 m2=0.2432
5100/15000 | acc 0.413 | e=0.10156 m1=0.5202 m2=0.2405
5200/15000 | acc 0.414 | e=0.09972 m1=0.5230 m2=0.2403
5300/15000 | acc 0.412 | e=0.09894 m1=0.5336 m2=0.2353
5400/15000 | acc 0.413 | e=0.10073 m1=0.5285 m2=0.2389
5500/15000 | acc 0.413 | e=0.10163 m1=0.5224 m2=0.2400
5600/15000 | acc 0.412 | e=0.10023 m1=0.5185 m2=0.2432
5700/15000 | acc 0.412 | e=0.10168 m1=0.5085 m2=0.2452
5800/15000 | acc 0.414 | e=0.10225 m1=0.5269 m2=0.2372
5900/15000 | acc 0.413 | e=0.09943 m1=0.5262 m2=0.2411
6000/15000 | acc 0.413 | e=0.10172 m1=0.5366 m2=0.2347
6100/15000 | acc 0.414 | e=0.09847 m1=0.5375 m2=0.2343
6200/15000 | acc 0.415 | e=0.10014 m1=0.5333 m2=0.2386
6300/15000 | acc 0.415 | e=0.10083 m1=0.5350 m2=0.2361
6400/15000 | acc 0.415 | e=0.10034 m1=0.5327 m2=0.2370
6500/15000 | acc 0.416 | e=0.10406 m1=0.5471 m2=0.2297
6600/15000 | acc 0.416 | e=0.10090 m1=0.5687 m2=0.2232
6700/15000 | acc 0.416 | e=0.10091 m1=0.5663 m2=0.2245
6800/15000 | acc 0.415 | e=0.10270 m1=0.5602 m2=0.2267
6900/15000 | acc 0.416 | e=0.09954 m1=0.5604 m2=0.2267
7000/15000 | acc 0.416 | e=0.10063 m1=0.5621 m2=0.2266
7100/15000 | acc 0.417 | e=0.10000 m1=0.5660 m2=0.2252
7200/15000 | acc 0.417 | e=0.09703 m1=0.5453 m2=0.2321
7300/15000 | acc 0.416 | e=0.09883 m1=0.5704 m2=0.2230
7400/15000 | acc 0.416 | e=0.10081 m1=0.5645 m2=0.2257
7500/15000 | acc 0.418 | e=0.10168 m1=0.5632 m2=0.2273
7600/15000 | acc 0.417 | e=0.09837 m1=0.5770 m2=0.2233
7700/15000 | acc 0.416 | e=0.09943 m1=0.5794 m2=0.2198
7800/15000 | acc 0.416 | e=0.09854 m1=0.5728 m2=0.2219
7900/15000 | acc 0.417 | e=0.09979 m1=0.5740 m2=0.2235
8000/15000 | acc 0.417 | e=0.10159 m1=0.5557 m2=0.2295
8100/15000 | acc 0.419 | e=0.10069 m1=0.5576 m2=0.2264
8200/15000 | acc 0.420 | e=0.10070 m1=0.5572 m2=0.2302
8300/15000 | acc 0.420 | e=0.10037 m1=0.5651 m2=0.2258
8400/15000 | acc 0.420 | e=0.10109 m1=0.5620 m2=0.2246
8500/15000 | acc 0.422 | e=0.10106 m1=0.5338 m2=0.2367
8600/15000 | acc 0.422 | e=0.10053 m1=0.5445 m2=0.2335
8700/15000 | acc 0.422 | e=0.10184 m1=0.5622 m2=0.2270
8800/15000 | acc 0.422 | e=0.10016 m1=0.5397 m2=0.2338
8900/15000 | acc 0.423 | e=0.09857 m1=0.5387 m2=0.2351
9000/15000 | acc 0.424 | e=0.10003 m1=0.5453 m2=0.2313
9100/15000 | acc 0.424 | e=0.09990 m1=0.5648 m2=0.2232
9200/15000 | acc 0.424 | e=0.10062 m1=0.5566 m2=0.2277
9300/15000 | acc 0.424 | e=0.10078 m1=0.5540 m2=0.2288
9400/15000 | acc 0.424 | e=0.09998 m1=0.5309 m2=0.2374
9500/15000 | acc 0.424 | e=0.09959 m1=0.5437 m2=0.2315
9600/15000 | acc 0.423 | e=0.10164 m1=0.5536 m2=0.2281
9700/15000 | acc 0.423 | e=0.10050 m1=0.5348 m2=0.2349
9800/15000 | acc 0.423 | e=0.10108 m1=0.5308 m2=0.2368
9900/15000 | acc 0.423 | e=0.10149 m1=0.5502 m2=0.2299
10000/15000 | acc 0.423 | e=0.10073 m1=0.5478 m2=0.2323
10100/15000 | acc 0.423 | e=0.10193 m1=0.5491 m2=0.2306
10200/15000 | acc 0.423 | e=0.09938 m1=0.5697 m2=0.2227
10300/15000 | acc 0.423 | e=0.09994 m1=0.5727 m2=0.2224
10400/15000 | acc 0.423 | e=0.10168 m1=0.5704 m2=0.2235
10500/15000 | acc 0.423 | e=0.10047 m1=0.5444 m2=0.2313
10600/15000 | acc 0.423 | e=0.09775 m1=0.5473 m2=0.2323
10700/15000 | acc 0.423 | e=0.09864 m1=0.5403 m2=0.2336
10800/15000 | acc 0.423 | e=0.10014 m1=0.5242 m2=0.2401
10900/15000 | acc 0.423 | e=0.10118 m1=0.5090 m2=0.2464
11000/15000 | acc 0.423 | e=0.09909 m1=0.5268 m2=0.2383
11100/15000 | acc 0.423 | e=0.10049 m1=0.5196 m2=0.2415
11200/15000 | acc 0.424 | e=0.09998 m1=0.5205 m2=0.2409
11300/15000 | acc 0.425 | e=0.10139 m1=0.5366 m2=0.2353
11400/15000 | acc 0.426 | e=0.09863 m1=0.5455 m2=0.2316
11500/15000 | acc 0.426 | e=0.10140 m1=0.5410 m2=0.2341
11600/15000 | acc 0.426 | e=0.10026 m1=0.5331 m2=0.2365
11700/15000 | acc 0.426 | e=0.10043 m1=0.5456 m2=0.2316
11800/15000 | acc 0.427 | e=0.10197 m1=0.5595 m2=0.2272
11900/15000 | acc 0.427 | e=0.10097 m1=0.5417 m2=0.2328
12000/15000 | acc 0.427 | e=0.09958 m1=0.5478 m2=0.2325
12100/15000 | acc 0.427 | e=0.10150 m1=0.5382 m2=0.2339
12200/15000 | acc 0.428 | e=0.09954 m1=0.5324 m2=0.2371
12300/15000 | acc 0.428 | e=0.10026 m1=0.5515 m2=0.2286
12400/15000 | acc 0.428 | e=0.09982 m1=0.5290 m2=0.2385
12500/15000 | acc 0.429 | e=0.10059 m1=0.5124 m2=0.2442
12600/15000 | acc 0.429 | e=0.10144 m1=0.5017 m2=0.2467
12700/15000 | acc 0.428 | e=0.10061 m1=0.5129 m2=0.2437
12800/15000 | acc 0.428 | e=0.10072 m1=0.5043 m2=0.2480
12900/15000 | acc 0.427 | e=0.10250 m1=0.5365 m2=0.2361
13000/15000 | acc 0.427 | e=0.10044 m1=0.5448 m2=0.2338
13100/15000 | acc 0.427 | e=0.10071 m1=0.5260 m2=0.2371
13200/15000 | acc 0.427 | e=0.09857 m1=0.5314 m2=0.2367
13300/15000 | acc 0.427 | e=0.09958 m1=0.5505 m2=0.2300
13400/15000 | acc 0.427 | e=0.09895 m1=0.5423 m2=0.2341
13500/15000 | acc 0.427 | e=0.09927 m1=0.5516 m2=0.2296
13600/15000 | acc 0.426 | e=0.09831 m1=0.5558 m2=0.2273
13700/15000 | acc 0.426 | e=0.09878 m1=0.5315 m2=0.2364
13800/15000 | acc 0.426 | e=0.10079 m1=0.5472 m2=0.2305
13900/15000 | acc 0.427 | e=0.09915 m1=0.5284 m2=0.2389
14000/15000 | acc 0.426 | e=0.10045 m1=0.5292 m2=0.2367
14100/15000 | acc 0.426 | e=0.09915 m1=0.5353 m2=0.2357
14200/15000 | acc 0.426 | e=0.10014 m1=0.5247 m2=0.2403
14300/15000 | acc 0.427 | e=0.09797 m1=0.5238 m2=0.2392
14400/15000 | acc 0.427 | e=0.09909 m1=0.5358 m2=0.2363
14500/15000 | acc 0.427 | e=0.10176 m1=0.5306 m2=0.2381
14600/15000 | acc 0.427 | e=0.09814 m1=0.5427 m2=0.2327
14700/15000 | acc 0.427 | e=0.09933 m1=0.5384 m2=0.2352
14800/15000 | acc 0.427 | e=0.09958 m1=0.5404 m2=0.2324
14900/15000 | acc 0.427 | e=0.10175 m1=0.5426 m2=0.2321
15000/15000 | acc 0.427 | e=0.10066 m1=0.5377 m2=0.2353

truth : [0.1  0.61 0.21]
mean  : [0.10041869 0.5442626  0.23255735]
std   : [0.0013344  0.01993406 0.00730182]
e 90% : 0.1021080289536063
acceptance: 0.4268
saved: /scratch/e1498138/eGB-multi/j1539_mcmc_e01.npz
Job completed at Thu Sep 24 04:56:57 AM +08 2026
