{
  "summary": [
    {
      "frequency_mhz": 1.0,
      "eccentricity": 0.0,
      "original_median_s": 16.380964162992314,
      "original_min_s": 16.33557833818486,
      "original_max_s": 16.405515668913722,
      "original_geometry_median_s": 2.53012645279523,
      "original_links_median_s": 1.697420293057803,
      "original_tdi_median_s": 12.147353165142704,
      "improved_median_s": 12.05877999420045,
      "improved_min_s": 12.056635834043846,
      "improved_max_s": 12.112947054964025,
      "improved_geometry_median_s": 2.5223382441326976,
      "improved_links_median_s": 1.6901469201548025,
      "improved_tdi_median_s": 7.844760576903354,
      "prepared_median_s": 3.745898747991305,
      "prepared_min_s": 3.7282279150094837,
      "prepared_max_s": 3.7680241674534045,
      "prepared_geometry_median_s": 0.0,
      "prepared_links_median_s": 1.6890652072033845,
      "prepared_tdi_median_s": 2.056755163881462,
      "improved_speedup": 1.3584263226355051,
      "prepared_speedup": 4.37303976029155
    },
    {
      "frequency_mhz": 3.0,
      "eccentricity": 0.3,
      "original_median_s": 16.400560916750692,
      "original_min_s": 16.386404583463445,
      "original_max_s": 16.47277566336561,
      "original_geometry_median_s": 2.5312651660642587,
      "original_links_median_s": 1.8520418680272996,
      "original_tdi_median_s": 12.01040912407916,
      "improved_median_s": 12.16945987479994,
      "improved_min_s": 12.12209467496723,
      "improved_max_s": 12.181281168945134,
      "improved_geometry_median_s": 2.5209627891890705,
      "improved_links_median_s": 1.8272017919807695,
      "improved_tdi_median_s": 7.816964881669264,
      "prepared_median_s": 3.8606544969952665,
      "prepared_min_s": 3.858932666189503,
      "prepared_max_s": 3.864515964698512,
      "prepared_geometry_median_s": 0.0,
      "prepared_links_median_s": 1.8245023825438693,
      "prepared_tdi_median_s": 2.0360720800817944,
      "improved_speedup": 1.3476819090970797,
      "prepared_speedup": 4.248129670633617
    },
    {
      "frequency_mhz": 10.0,
      "eccentricity": 0.6,
      "original_median_s": 16.44288558216067,
      "original_min_s": 16.42795587418368,
      "original_max_s": 16.493035502033308,
      "original_geometry_median_s": 2.5288118751486763,
      "original_links_median_s": 1.9124549610423855,
      "original_tdi_median_s": 12.003405875642784,
      "improved_median_s": 12.236765087000094,
      "improved_min_s": 12.220797213667538,
      "improved_max_s": 12.328157247218769,
      "improved_geometry_median_s": 2.5179589584004134,
      "improved_links_median_s": 1.9462386667146347,
      "improved_tdi_median_s": 7.811886626994237,
      "prepared_median_s": 3.9259590850560926,
      "prepared_min_s": 3.9207475893199444,
      "prepared_max_s": 3.960215341183357,
      "prepared_geometry_median_s": 0.0,
      "prepared_links_median_s": 1.902831666113343,
      "prepared_tdi_median_s": 2.023042591055855,
      "improved_speedup": 1.3437281393616856,
      "prepared_speedup": 4.188246801845043
    }
  ],
  "setup_s": 8.287793671654072,
  "max_relative_l2": 0.0
}
